#-----------------------------------------------------------
# Vivado v2024.2 (64-bit)
# SW Build 5239630 on Fri Nov 08 22:35:27 MST 2024
# IP Build 5239520 on Sun Nov 10 16:12:51 MST 2024
# SharedData Build 5239561 on Fri Nov 08 14:39:27 MST 2024
# Start of session at: Tue Feb 18 10:02:00 2025
# Process ID         : 40332
# Current directory  : E:/robot/project/xilinx_fpga_class/hls/lab4/audio/audio.runs/system_processing_system7_0_0_synth_1
# Command line       : vivado.exe -log system_processing_system7_0_0.vds -product Vivado -mode batch -messageDb vivado.pb -notrace -source system_processing_system7_0_0.tcl
# Log file           : E:/robot/project/xilinx_fpga_class/hls/lab4/audio/audio.runs/system_processing_system7_0_0_synth_1/system_processing_system7_0_0.vds
# Journal file       : E:/robot/project/xilinx_fpga_class/hls/lab4/audio/audio.runs/system_processing_system7_0_0_synth_1\vivado.jou
# Running On         : nightt_insider
# Platform           : Windows Server 2016 or Windows 10
# Operating System   : 26100
# Processor Detail   : AMD Ryzen 7 5800U with Radeon Graphics         
# CPU Frequency      : 1896 MHz
# CPU Physical cores : 8
# CPU Logical cores  : 16
# Host memory        : 16487 MB
# Swap memory        : 22548 MB
# Total Virtual      : 39036 MB
# Available Virtual  : 5287 MB
#-----------------------------------------------------------
source system_processing_system7_0_0.tcl -notrace
