

================================================================
== Vitis HLS Report for 'fir_Pipeline_loop'
================================================================
* Date:           Sun Feb 16 14:42:50 2025

* Version:        2024.2 (Build 5238294 on Nov  8 2024)
* Project:        fir
* Solution:       hls (Vivado IP Flow Target)
* Product family: zynquplus
* Target device:  xczu5eg-sfvc784-1-e


================================================================
== Performance Estimates
================================================================
+ Timing: 
    * Summary: 
    +--------+----------+----------+------------+
    |  Clock |  Target  | Estimated| Uncertainty|
    +--------+----------+----------+------------+
    |ap_clk  |  10.00 ns|  2.264 ns|     2.70 ns|
    +--------+----------+----------+------------+

+ Latency: 
    * Summary: 
    +---------+---------+----------+----------+-----+-----+------------------------------------------------+
    |  Latency (cycles) |  Latency (absolute) |  Interval |                    Pipeline                    |
    |   min   |   max   |    min   |    max   | min | max |                      Type                      |
    +---------+---------+----------+----------+-----+-----+------------------------------------------------+
    |       62|       62|  0.620 us|  0.620 us|   57|   57|  loop auto-rewind stp (delay=0 clock cycles(s))|
    +---------+---------+----------+----------+-----+-----+------------------------------------------------+

    + Detail: 
        * Instance: 
        N/A

        * Loop: 
        +----------+---------+---------+----------+-----------+-----------+------+----------+
        |          |  Latency (cycles) | Iteration|  Initiation Interval  | Trip |          |
        | Loop Name|   min   |   max   |  Latency |  achieved |   target  | Count| Pipelined|
        +----------+---------+---------+----------+-----------+-----------+------+----------+
        |- loop    |       60|       60|         5|          1|          1|    57|       yes|
        +----------+---------+---------+----------+-----------+-----------+------+----------+



================================================================
== Utilization Estimates
================================================================
* Summary: 
+-----------------+---------+------+--------+--------+-----+
|       Name      | BRAM_18K|  DSP |   FF   |   LUT  | URAM|
+-----------------+---------+------+--------+--------+-----+
|DSP              |        -|     1|       -|       -|    -|
|Expression       |        -|     -|       0|      28|    -|
|FIFO             |        -|     -|       -|       -|    -|
|Instance         |        -|     -|       -|       -|    -|
|Memory           |        0|     -|      16|      15|    -|
|Multiplexer      |        -|     -|       0|      54|    -|
|Register         |        -|     -|     124|      32|    -|
+-----------------+---------+------+--------+--------+-----+
|Total            |        0|     1|     140|     129|    0|
+-----------------+---------+------+--------+--------+-----+
|Available        |      288|  1248|  234240|  117120|   64|
+-----------------+---------+------+--------+--------+-----+
|Utilization (%)  |        0|    ~0|      ~0|      ~0|    0|
+-----------------+---------+------+--------+--------+-----+

+ Detail: 
    * Instance: 
    N/A

    * DSP: 
    +----------------------------------+-------------------------------+--------------+
    |             Instance             |             Module            |  Expression  |
    +----------------------------------+-------------------------------+--------------+
    |mac_muladd_16s_16s_37s_37_4_1_U1  |mac_muladd_16s_16s_37s_37_4_1  |  i0 * i1 + i2|
    +----------------------------------+-------------------------------+--------------+

    * Memory: 
    +-------+---------------------------------+---------+----+----+-----+------+-----+------+-------------+
    | Memory|              Module             | BRAM_18K| FF | LUT| URAM| Words| Bits| Banks| W*Bits*Banks|
    +-------+---------------------------------+---------+----+----+-----+------+-----+------+-------------+
    |c_U    |fir_Pipeline_loop_c_ROM_AUTO_1R  |        0|  16|  15|    0|    59|   16|     1|          944|
    +-------+---------------------------------+---------+----+----+-----+------+-----+------+-------------+
    |Total  |                                 |        0|  16|  15|    0|    59|   16|     1|          944|
    +-------+---------------------------------+---------+----+----+-----+------+-----+------+-------------+

    * FIFO: 
    N/A

    * Expression: 
    +---------------------+----------+----+---+----+------------+------------+
    |    Variable Name    | Operation| DSP| FF| LUT| Bitwidth P0| Bitwidth P1|
    +---------------------+----------+----+---+----+------------+------------+
    |i_fu_120_p2          |         +|   0|  0|  13|           6|           2|
    |icmp_ln48_fu_131_p2  |      icmp|   0|  0|  13|           6|           1|
    |ap_enable_pp0        |       xor|   0|  0|   2|           1|           2|
    +---------------------+----------+----+---+----+------------+------------+
    |Total                |          |   0|  0|  28|          13|           5|
    +---------------------+----------+----+---+----+------------+------------+

    * Multiplexer: 
    +----------------------------------+----+-----------+-----+-----------+
    |               Name               | LUT| Input Size| Bits| Total Bits|
    +----------------------------------+----+-----------+-----+-----------+
    |acc_014_fu_42                     |   9|          2|   37|         74|
    |ap_done_int                       |   9|          2|    1|          2|
    |ap_loop_exit_ready_pp0_iter4_reg  |   9|          2|    1|          2|
    |ap_sig_allocacmp_acc_014_load     |   9|          2|   37|         74|
    |ap_sig_allocacmp_i2_load          |   9|          2|    6|         12|
    |i2_fu_38                          |   9|          2|    6|         12|
    +----------------------------------+----+-----------+-----+-----------+
    |Total                             |  54|         12|   88|        176|
    +----------------------------------+----+-----------+-----+-----------+

    * Register: 
    +----------------------------------+----+----+-----+-----------+
    |               Name               | FF | LUT| Bits| Const Bits|
    +----------------------------------+----+----+-----+-----------+
    |acc_014_fu_42                     |  37|   0|   37|          0|
    |ap_CS_fsm                         |   1|   0|    1|          0|
    |ap_done_reg                       |   1|   0|    1|          0|
    |ap_enable_reg_pp0_iter1           |   1|   0|    1|          0|
    |ap_enable_reg_pp0_iter2           |   1|   0|    1|          0|
    |ap_enable_reg_pp0_iter3           |   1|   0|    1|          0|
    |ap_enable_reg_pp0_iter4           |   1|   0|    1|          0|
    |ap_loop_exit_ready_pp0_iter1_reg  |   1|   0|    1|          0|
    |ap_loop_exit_ready_pp0_iter2_reg  |   1|   0|    1|          0|
    |ap_loop_exit_ready_pp0_iter3_reg  |   1|   0|    1|          0|
    |ap_loop_exit_ready_pp0_iter4_reg  |   1|   0|    1|          0|
    |i2_fu_38                          |   6|   0|    6|          0|
    |icmp_ln48_reg_200                 |   1|   0|    1|          0|
    |zext_ln48_reg_185                 |   6|   0|   64|         58|
    |icmp_ln48_reg_200                 |  64|  32|    1|          0|
    +----------------------------------+----+----+-----+-----------+
    |Total                             | 124|  32|  119|         58|
    +----------------------------------+----+----+-----+-----------+



================================================================
== Interface
================================================================
* Summary: 
+--------------------+-----+-----+------------+-------------------+--------------+
|      RTL Ports     | Dir | Bits|  Protocol  |   Source Object   |    C Type    |
+--------------------+-----+-----+------------+-------------------+--------------+
|ap_clk              |   in|    1|  ap_ctrl_hs|  fir_Pipeline_loop|  return value|
|ap_rst              |   in|    1|  ap_ctrl_hs|  fir_Pipeline_loop|  return value|
|ap_start            |   in|    1|  ap_ctrl_hs|  fir_Pipeline_loop|  return value|
|ap_done             |  out|    1|  ap_ctrl_hs|  fir_Pipeline_loop|  return value|
|ap_idle             |  out|    1|  ap_ctrl_hs|  fir_Pipeline_loop|  return value|
|ap_ready            |  out|    1|  ap_ctrl_hs|  fir_Pipeline_loop|  return value|
|sext_ln44           |   in|   25|     ap_none|          sext_ln44|        scalar|
|acc_2_out           |  out|   31|      ap_vld|          acc_2_out|       pointer|
|acc_2_out_ap_vld    |  out|    1|      ap_vld|          acc_2_out|       pointer|
|shift_reg_address0  |  out|    6|   ap_memory|          shift_reg|         array|
|shift_reg_ce0       |  out|    1|   ap_memory|          shift_reg|         array|
|shift_reg_we0       |  out|    1|   ap_memory|          shift_reg|         array|
|shift_reg_d0        |  out|   16|   ap_memory|          shift_reg|         array|
|shift_reg_address1  |  out|    6|   ap_memory|          shift_reg|         array|
|shift_reg_ce1       |  out|    1|   ap_memory|          shift_reg|         array|
|shift_reg_q1        |   in|   16|   ap_memory|          shift_reg|         array|
+--------------------+-----+-----+------------+-------------------+--------------+

