

================================================================
== Vitis HLS Report for 'Loop_Xpose_Col_Outer_Loop_proc'
================================================================
* Date:           Fri Feb 14 11:46:26 2025

* Version:        2024.2 (Build 5238294 on Nov  8 2024)
* Project:        dct_solution7
* Solution:       hls (Vivado IP Flow Target)
* Product family: zynq
* Target device:  xc7z020-clg400-1


================================================================
== Performance Estimates
================================================================
+ Timing: 
    * Summary: 
    +--------+----------+----------+------------+
    |  Clock |  Target  | Estimated| Uncertainty|
    +--------+----------+----------+------------+
    |ap_clk  |  10.00 ns|  6.508 ns|     2.70 ns|
    +--------+----------+----------+------------+

+ Latency: 
    * Summary: 
    +---------+---------+----------+----------+-----+-----+------------------------------------------------+
    |  Latency (cycles) |  Latency (absolute) |  Interval |                    Pipeline                    |
    |   min   |   max   |    min   |    max   | min | max |                      Type                      |
    +---------+---------+----------+----------+-----+-----+------------------------------------------------+
    |       67|       67|  0.670 us|  0.670 us|   65|   65|  loop auto-rewind stp (delay=1 clock cycles(s))|
    +---------+---------+----------+----------+-----+-----+------------------------------------------------+

    + Detail: 
        * Instance: 
        N/A

        * Loop: 
        +---------------------------------------------+---------+---------+----------+-----------+-----------+------+----------+
        |                                             |  Latency (cycles) | Iteration|  Initiation Interval  | Trip |          |
        |                  Loop Name                  |   min   |   max   |  Latency |  achieved |   target  | Count| Pipelined|
        +---------------------------------------------+---------+---------+----------+-----------+-----------+------+----------+
        |- Xpose_Col_Outer_Loop_Xpose_Col_Inner_Loop  |       65|       65|         3|          1|          1|    64|       yes|
        +---------------------------------------------+---------+---------+----------+-----------+-----------+------+----------+



================================================================
== Utilization Estimates
================================================================
* Summary: 
+-----------------+---------+-----+--------+-------+-----+
|       Name      | BRAM_18K| DSP |   FF   |  LUT  | URAM|
+-----------------+---------+-----+--------+-------+-----+
|DSP              |        -|    -|       -|      -|    -|
|Expression       |        -|    -|       0|    111|    -|
|FIFO             |        -|    -|       -|      -|    -|
|Instance         |        -|    -|       -|      -|    -|
|Memory           |        -|    -|       -|      -|    -|
|Multiplexer      |        -|    -|       0|     81|    -|
|Register         |        -|    -|      43|      -|    -|
+-----------------+---------+-----+--------+-------+-----+
|Total            |        0|    0|      43|    192|    0|
+-----------------+---------+-----+--------+-------+-----+
|Available        |      280|  220|  106400|  53200|    0|
+-----------------+---------+-----+--------+-------+-----+
|Utilization (%)  |        0|    0|      ~0|     ~0|    0|
+-----------------+---------+-----+--------+-------+-----+

+ Detail: 
    * Instance: 
    N/A

    * DSP: 
    N/A

    * Memory: 
    N/A

    * FIFO: 
    N/A

    * Expression: 
    +---------------------------+----------+----+---+----+------------+------------+
    |       Variable Name       | Operation| DSP| FF| LUT| Bitwidth P0| Bitwidth P1|
    +---------------------------+----------+----+---+----+------------+------------+
    |add_ln80_1_fu_169_p2       |         +|   0|  0|  14|           6|           1|
    |add_ln80_fu_115_p2         |         +|   0|  0|  13|           4|           1|
    |add_ln86_1_fu_216_p2       |         +|   0|  0|  14|           6|           6|
    |add_ln86_fu_157_p2         |         +|   0|  0|  14|           6|           6|
    |i_fu_163_p2                |         +|   0|  0|  13|           4|           1|
    |ap_condition_244           |       and|   0|  0|   2|           1|           1|
    |ap_condition_90            |       and|   0|  0|   2|           1|           1|
    |icmp_ln80_fu_181_p2        |      icmp|   0|  0|  14|           6|           2|
    |icmp_ln83_fu_175_p2        |      icmp|   0|  0|  13|           4|           5|
    |ap_block_pp0_stage0_11001  |        or|   0|  0|   2|           1|           1|
    |j_fu_133_p3                |    select|   0|  0|   4|           1|           4|
    |select_ln57_fu_121_p3      |    select|   0|  0|   4|           1|           1|
    |ap_enable_pp0              |       xor|   0|  0|   2|           1|           2|
    +---------------------------+----------+----+---+----+------------+------------+
    |Total                      |          |   0|  0| 111|          42|          32|
    +---------------------------+----------+----+---+----+------------+------------+

    * Multiplexer: 
    +---------------------------------------+----+-----------+-----+-----------+
    |                  Name                 | LUT| Input Size| Bits| Total Bits|
    +---------------------------------------+----+-----------+-----+-----------+
    |ap_done_int                            |   9|          2|    1|          2|
    |ap_loop_exit_ready_pp0_iter2_reg       |   9|          2|    1|          2|
    |ap_phi_mux_icmp_ln834_phi_fu_84_p4     |   9|          2|    1|          2|
    |ap_sig_allocacmp_i3_load               |   9|          2|    4|          8|
    |ap_sig_allocacmp_indvar_flatten1_load  |   9|          2|    6|         12|
    |ap_sig_allocacmp_j2_load               |   9|          2|    4|          8|
    |i3_fu_50                               |   9|          2|    4|          8|
    |indvar_flatten1_fu_42                  |   9|          2|    6|         12|
    |j2_fu_46                               |   9|          2|    4|          8|
    +---------------------------------------+----+-----------+-----+-----------+
    |Total                                  |  81|         18|   31|         62|
    +---------------------------------------+----+-----------+-----+-----------+

    * Register: 
    +--------------------------------------------------+---+----+-----+-----------+
    |                       Name                       | FF| LUT| Bits| Const Bits|
    +--------------------------------------------------+---+----+-----+-----------+
    |add_ln86_reg_258                                  |  6|   0|    6|          0|
    |ap_CS_fsm                                         |  1|   0|    1|          0|
    |ap_condition_exit_pp0_iter0_stage0_pp0_iter1_reg  |  1|   0|    1|          0|
    |ap_done_reg                                       |  1|   0|    1|          0|
    |ap_enable_reg_pp0_iter1                           |  1|   0|    1|          0|
    |ap_enable_reg_pp0_iter2                           |  1|   0|    1|          0|
    |ap_loop_exit_ready_pp0_iter1_reg                  |  1|   0|    1|          0|
    |ap_loop_exit_ready_pp0_iter2_reg                  |  1|   0|    1|          0|
    |i3_fu_50                                          |  4|   0|    4|          0|
    |icmp_ln80_reg_268                                 |  1|   0|    1|          0|
    |icmp_ln83_reg_263                                 |  1|   0|    1|          0|
    |indvar_flatten1_fu_42                             |  6|   0|    6|          0|
    |j2_fu_46                                          |  4|   0|    4|          0|
    |select_ln57_reg_248                               |  4|   0|    4|          0|
    |select_ln57_reg_248_pp0_iter1_reg                 |  4|   0|    4|          0|
    |trunc_ln80_1_reg_253                              |  3|   0|    3|          0|
    |trunc_ln80_1_reg_253_pp0_iter1_reg                |  3|   0|    3|          0|
    +--------------------------------------------------+---+----+-----+-----------+
    |Total                                             | 43|   0|   43|          0|
    +--------------------------------------------------+---+----+-----+-----------+



================================================================
== Interface
================================================================
* Summary: 
+-----------------------+-----+-----+------------+--------------------------------+--------------+
|       RTL Ports       | Dir | Bits|  Protocol  |          Source Object         |    C Type    |
+-----------------------+-----+-----+------------+--------------------------------+--------------+
|ap_clk                 |   in|    1|  ap_ctrl_hs|  Loop_Xpose_Col_Outer_Loop_proc|  return value|
|ap_rst                 |   in|    1|  ap_ctrl_hs|  Loop_Xpose_Col_Outer_Loop_proc|  return value|
|ap_start               |   in|    1|  ap_ctrl_hs|  Loop_Xpose_Col_Outer_Loop_proc|  return value|
|ap_done                |  out|    1|  ap_ctrl_hs|  Loop_Xpose_Col_Outer_Loop_proc|  return value|
|ap_continue            |   in|    1|  ap_ctrl_hs|  Loop_Xpose_Col_Outer_Loop_proc|  return value|
|ap_idle                |  out|    1|  ap_ctrl_hs|  Loop_Xpose_Col_Outer_Loop_proc|  return value|
|ap_ready               |  out|    1|  ap_ctrl_hs|  Loop_Xpose_Col_Outer_Loop_proc|  return value|
|col_outbuf_i_address0  |  out|    6|   ap_memory|                    col_outbuf_i|         array|
|col_outbuf_i_ce0       |  out|    1|   ap_memory|                    col_outbuf_i|         array|
|col_outbuf_i_q0        |   in|   16|   ap_memory|                    col_outbuf_i|         array|
|buf_2d_out_address0    |  out|    6|   ap_memory|                      buf_2d_out|         array|
|buf_2d_out_ce0         |  out|    1|   ap_memory|                      buf_2d_out|         array|
|buf_2d_out_we0         |  out|    1|   ap_memory|                      buf_2d_out|         array|
|buf_2d_out_d0          |  out|   16|   ap_memory|                      buf_2d_out|         array|
+-----------------------+-----+-----+------------+--------------------------------+--------------+

